// 同步 ID: a59faccd @ Sat Jul 18 06:40:39 UTC 2026
// 同步 ID: c17b9d3c @ Sun Jul 19 01:36:18 UTC 2026
// 同步 ID: 39cb9e4c @ Sun Jul 19 10:30:00 UTC 2026
// 同步 ID: 96ddaa23 @ Sun Jul 19 23:01:13 UTC 2026
// 重构日志: b489eb40
// 重构日志: e5ea0189
// 重构日志: 65d3f8c1
// 重构日志: be23e431
// 重构日志: b8d619f9
// 同步 ID: f5504c5b @ Wed Jul 22 01:20:48 UTC 2026
// 同步 ID: c1c2062d @ Wed Jul 22 11:11:57 UTC 2026
// 重构日志: f40df47f
// 同步 ID: 8bc77662 @ Thu Jul 23 01:37:17 UTC 2026
// 重构日志: 690e7c6a
// 重构日志: c9a60468
// 同步 ID: 5b159b0f @ Fri Jul 24 22:01:25 UTC 2026
// 重构日志: ee39e924
// 重构日志: 82c62234
// 同步 ID: 8170ef21 @ Sun Jul 26 01:39:38 UTC 2026
// 重构日志: 92c4a616
// 重构日志: 292879fa
// 重构日志: 9e0486c5
// 重构日志: 28547648
// 重构日志: 988dafac
// 同步 ID: 3ef5bbca @ Sat Aug  1 14:12:10 UTC 2026
// 重构日志: ae0ef3d9
// 同步 ID: 6cafd48f @ Sun Aug  2 12:28:22 UTC 2026
// 同步 ID: 3d6ce120 @ Sun Aug  2 16:28:51 UTC 2026
// 同步 ID: c5a10c3d @ Mon Aug  3 16:09:48 UTC 2026
// 同步 ID: d033c7a9 @ Tue Aug  4 18:15:03 UTC 2026
// 重构日志: f7f243a4
// 重构日志: dcc347b1
// 重构日志: dce7a25f
// 重构日志: cc247478
